{
  "FirstName": "John",
  "LastName": "Doe",
  "Address": {
    "Street": "Avenue Lane",
    "Number": 3,
    "Postcode": "",
    "Country": "North Pole"
  }
}