{
  "A": "00000000-0000-0000-0000-000000000001",
  "B": "00000000-0000-0000-0000-000000000002",
  "C": "00000000-0000-0000-0000-000000000003",
  "D": "00000000-0000-0000-0000-000000000002",
  "E": "00000000-0000-0000-0000-000000000003",
  "F": "00000000-0000-0000-0000-000000000001"
}